app/(private)/oficina/checkList/page.tsx(20,28): error TS2307: Cannot find module '@/lib/services' or its corresponding type declarations.
app/(private)/oficina/checkList/page.tsx(82,5): error TS17004: Cannot use JSX unless the '--jsx' flag is provided.
app/(private)/oficina/checkList/page.tsx(83,7): error TS17004: Cannot use JSX unless the '--jsx' flag is provided.
app/(private)/oficina/checkList/page.tsx(84,9): error TS17004: Cannot use JSX unless the '--jsx' flag is provided.
app/(private)/oficina/checkList/page.tsx(85,11): error TS17004: Cannot use JSX unless the '--jsx' flag is provided.
app/(private)/oficina/checkList/page.tsx(88,11): error TS17004: Cannot use JSX unless the '--jsx' flag is provided.
app/(private)/oficina/checkList/page.tsx(92,9): error TS17004: Cannot use JSX unless the '--jsx' flag is provided.
app/(private)/oficina/checkList/page.tsx(93,11): error TS17004: Cannot use JSX unless the '--jsx' flag is provided.
app/(private)/oficina/checkList/page.tsx(96,11): error TS17004: Cannot use JSX unless the '--jsx' flag is provided.
app/(private)/oficina/checkList/page.tsx(97,13): error TS17004: Cannot use JSX unless the '--jsx' flag is provided.
app/(private)/oficina/checkList/page.tsx(103,7): error TS17004: Cannot use JSX unless the '--jsx' flag is provided.
app/(private)/oficina/checkList/page.tsx(104,9): error TS17004: Cannot use JSX unless the '--jsx' flag is provided.
app/(private)/oficina/checkList/page.tsx(105,11): error TS17004: Cannot use JSX unless the '--jsx' flag is provided.
app/(private)/oficina/checkList/page.tsx(106,13): error TS17004: Cannot use JSX unless the '--jsx' flag is provided.
app/(private)/oficina/checkList/page.tsx(108,11): error TS17004: Cannot use JSX unless the '--jsx' flag is provided.
app/(private)/oficina/checkList/page.tsx(109,13): error TS17004: Cannot use JSX unless the '--jsx' flag is provided.
app/(private)/oficina/checkList/page.tsx(110,13): error TS17004: Cannot use JSX unless the '--jsx' flag is provided.
app/(private)/oficina/checkList/page.tsx(114,9): error TS17004: Cannot use JSX unless the '--jsx' flag is provided.
app/(private)/oficina/checkList/page.tsx(115,11): error TS17004: Cannot use JSX unless the '--jsx' flag is provided.
app/(private)/oficina/checkList/page.tsx(116,13): error TS17004: Cannot use JSX unless the '--jsx' flag is provided.
app/(private)/oficina/checkList/page.tsx(118,11): error TS17004: Cannot use JSX unless the '--jsx' flag is provided.
app/(private)/oficina/checkList/page.tsx(119,13): error TS17004: Cannot use JSX unless the '--jsx' flag is provided.
app/(private)/oficina/checkList/page.tsx(120,13): error TS17004: Cannot use JSX unless the '--jsx' flag is provided.
app/(private)/oficina/checkList/page.tsx(127,7): error TS17004: Cannot use JSX unless the '--jsx' flag is provided.
app/(private)/oficina/checkList/page.tsx(128,9): error TS17004: Cannot use JSX unless the '--jsx' flag is provided.
app/(private)/oficina/checkList/page.tsx(133,11): error TS17004: Cannot use JSX unless the '--jsx' flag is provided.
app/(private)/oficina/checkList/page.tsx(134,11): error TS17004: Cannot use JSX unless the '--jsx' flag is provided.
app/(private)/oficina/checkList/page.tsx(137,9): error TS17004: Cannot use JSX unless the '--jsx' flag is provided.
app/(private)/oficina/checkList/page.tsx(142,11): error TS17004: Cannot use JSX unless the '--jsx' flag is provided.
app/(private)/oficina/checkList/page.tsx(143,11): error TS17004: Cannot use JSX unless the '--jsx' flag is provided.
app/(private)/oficina/checkList/page.tsx(146,9): error TS17004: Cannot use JSX unless the '--jsx' flag is provided.
app/(private)/oficina/checkList/page.tsx(151,11): error TS17004: Cannot use JSX unless the '--jsx' flag is provided.
app/(private)/oficina/checkList/page.tsx(152,11): error TS17004: Cannot use JSX unless the '--jsx' flag is provided.
app/(private)/oficina/checkList/page.tsx(798,5): error TS17004: Cannot use JSX unless the '--jsx' flag is provided.
app/(private)/oficina/checkList/page.tsx(799,7): error TS17004: Cannot use JSX unless the '--jsx' flag is provided.
app/(private)/oficina/checkList/page.tsx(801,9): error TS17004: Cannot use JSX unless the '--jsx' flag is provided.
app/(private)/oficina/checkList/page.tsx(802,11): error TS17004: Cannot use JSX unless the '--jsx' flag is provided.
app/(private)/oficina/checkList/page.tsx(803,11): error TS17004: Cannot use JSX unless the '--jsx' flag is provided.
app/(private)/oficina/checkList/page.tsx(805,13): error TS17004: Cannot use JSX unless the '--jsx' flag is provided.
app/(private)/oficina/checkList/page.tsx(811,15): error TS17004: Cannot use JSX unless the '--jsx' flag is provided.
app/(private)/oficina/checkList/page.tsx(812,15): error TS17004: Cannot use JSX unless the '--jsx' flag is provided.
app/(private)/oficina/checkList/page.tsx(818,9): error TS17004: Cannot use JSX unless the '--jsx' flag is provided.
app/(private)/oficina/checkList/page.tsx(820,11): error TS17004: Cannot use JSX unless the '--jsx' flag is provided.
app/(private)/oficina/checkList/page.tsx(821,13): error TS17004: Cannot use JSX unless the '--jsx' flag is provided.
app/(private)/oficina/checkList/page.tsx(822,15): error TS17004: Cannot use JSX unless the '--jsx' flag is provided.
app/(private)/oficina/checkList/page.tsx(829,15): error TS17004: Cannot use JSX unless the '--jsx' flag is provided.
app/(private)/oficina/checkList/page.tsx(836,15): error TS17004: Cannot use JSX unless the '--jsx' flag is provided.
app/(private)/oficina/checkList/page.tsx(843,15): error TS17004: Cannot use JSX unless the '--jsx' flag is provided.
app/(private)/oficina/checkList/page.tsx(850,15): error TS17004: Cannot use JSX unless the '--jsx' flag is provided.
app/(private)/oficina/checkList/page.tsx(859,13): error TS17004: Cannot use JSX unless the '--jsx' flag is provided.
app/(private)/oficina/checkList/page.tsx(860,15): error TS17004: Cannot use JSX unless the '--jsx' flag is provided.
app/(private)/oficina/checkList/page.tsx(861,17): error TS17004: Cannot use JSX unless the '--jsx' flag is provided.
app/(private)/oficina/checkList/page.tsx(867,19): error TS17004: Cannot use JSX unless the '--jsx' flag is provided.
app/(private)/oficina/checkList/page.tsx(868,19): error TS17004: Cannot use JSX unless the '--jsx' flag is provided.
app/(private)/oficina/checkList/page.tsx(871,19): error TS17004: Cannot use JSX unless the '--jsx' flag is provided.
app/(private)/oficina/checkList/page.tsx(873,23): error TS17004: Cannot use JSX unless the '--jsx' flag is provided.
app/(private)/oficina/checkList/page.tsx(895,11): error TS17004: Cannot use JSX unless the '--jsx' flag is provided.
app/(private)/oficina/checkList/page.tsx(896,35): error TS17004: Cannot use JSX unless the '--jsx' flag is provided.
app/(private)/oficina/checkList/page.tsx(896,73): error TS17004: Cannot use JSX unless the '--jsx' flag is provided.
app/(private)/oficina/checkList/page.tsx(897,35): error TS17004: Cannot use JSX unless the '--jsx' flag is provided.
app/(private)/oficina/checkList/page.tsx(902,13): error TS17004: Cannot use JSX unless the '--jsx' flag is provided.
app/(private)/oficina/checkList/page.tsx(904,17): error TS17004: Cannot use JSX unless the '--jsx' flag is provided.
app/(private)/oficina/checkList/page.tsx(908,13): error TS17004: Cannot use JSX unless the '--jsx' flag is provided.
app/(private)/oficina/checkList/page.tsx(909,15): error TS17004: Cannot use JSX unless the '--jsx' flag is provided.
app/(private)/oficina/checkList/page.tsx(912,13): error TS17004: Cannot use JSX unless the '--jsx' flag is provided.
app/(private)/oficina/checkList/page.tsx(914,17): error TS17004: Cannot use JSX unless the '--jsx' flag is provided.
app/(private)/oficina/checkList/page.tsx(928,9): error TS17004: Cannot use JSX unless the '--jsx' flag is provided.
app/(private)/oficina/checkList/page.tsx(929,11): error TS17004: Cannot use JSX unless the '--jsx' flag is provided.
app/(private)/oficina/checkList/page.tsx(930,20): error TS17004: Cannot use JSX unless the '--jsx' flag is provided.
app/(private)/oficina/checkList/page.tsx(930,37): error TS17004: Cannot use JSX unless the '--jsx' flag is provided.
app/(private)/oficina/checkList/page.tsx(932,11): error TS17004: Cannot use JSX unless the '--jsx' flag is provided.
app/(private)/oficina/checkList/page.tsx(933,13): error TS17004: Cannot use JSX unless the '--jsx' flag is provided.
app/(private)/oficina/checkList/page.tsx(940,13): error TS17004: Cannot use JSX unless the '--jsx' flag is provided.
app/(private)/oficina/checkList/page.tsx(953,9): error TS17004: Cannot use JSX unless the '--jsx' flag is provided.
app/(private)/oficina/checkList/page.tsx(955,11): error TS17004: Cannot use JSX unless the '--jsx' flag is provided.
app/(private)/oficina/checkList/page.tsx(958,11): error TS17004: Cannot use JSX unless the '--jsx' flag is provided.
app/(private)/oficina/checkList/page.tsx(960,13): error TS17004: Cannot use JSX unless the '--jsx' flag is provided.
app/(private)/oficina/checkList/page.tsx(961,15): error TS17004: Cannot use JSX unless the '--jsx' flag is provided.
app/(private)/oficina/checkList/page.tsx(964,15): error TS17004: Cannot use JSX unless the '--jsx' flag is provided.
app/(private)/oficina/checkList/page.tsx(969,17): error TS17004: Cannot use JSX unless the '--jsx' flag is provided.
app/(private)/oficina/checkList/page.tsx(974,13): error TS17004: Cannot use JSX unless the '--jsx' flag is provided.
app/(private)/oficina/checkList/page.tsx(975,34): error TS17004: Cannot use JSX unless the '--jsx' flag is provided.
app/(private)/oficina/checkList/page.tsx(976,32): error TS17004: Cannot use JSX unless the '--jsx' flag is provided.
app/(private)/oficina/checkList/page.tsx(979,17): error TS17004: Cannot use JSX unless the '--jsx' flag is provided.
app/(private)/oficina/checkList/page.tsx(983,17): error TS17004: Cannot use JSX unless the '--jsx' flag is provided.
app/(private)/oficina/checkList/page.tsx(985,19): error TS17004: Cannot use JSX unless the '--jsx' flag is provided.
app/(private)/oficina/checkList/page.tsx(986,21): error TS17004: Cannot use JSX unless the '--jsx' flag is provided.
app/(private)/oficina/checkList/page.tsx(988,23): error TS17004: Cannot use JSX unless the '--jsx' flag is provided.
app/(private)/oficina/checkList/page.tsx(993,25): error TS17004: Cannot use JSX unless the '--jsx' flag is provided.
app/(private)/oficina/checkList/page.tsx(998,25): error TS17004: Cannot use JSX unless the '--jsx' flag is provided.
app/(private)/oficina/checkList/page.tsx(1004,25): error TS17004: Cannot use JSX unless the '--jsx' flag is provided.
app/(private)/oficina/checkList/page.tsx(1008,23): error TS17004: Cannot use JSX unless the '--jsx' flag is provided.
app/(private)/oficina/checkList/page.tsx(1013,25): error TS17004: Cannot use JSX unless the '--jsx' flag is provided.
app/(private)/oficina/checkList/page.tsx(1019,23): error TS17004: Cannot use JSX unless the '--jsx' flag is provided.
app/(private)/oficina/checkList/page.tsx(1021,27): error TS17004: Cannot use JSX unless the '--jsx' flag is provided.
app/(private)/oficina/checkList/page.tsx(1034,19): error TS17004: Cannot use JSX unless the '--jsx' flag is provided.
app/(private)/oficina/checkList/page.tsx(1035,21): error TS17004: Cannot use JSX unless the '--jsx' flag is provided.
app/(private)/oficina/checkList/page.tsx(1036,23): error TS17004: Cannot use JSX unless the '--jsx' flag is provided.
app/(private)/oficina/checkList/page.tsx(1037,23): error TS17004: Cannot use JSX unless the '--jsx' flag is provided.
app/(private)/oficina/checkList/page.tsx(1038,25): error TS17004: Cannot use JSX unless the '--jsx' flag is provided.
app/(private)/oficina/checkList/page.tsx(1039,25): error TS17004: Cannot use JSX unless the '--jsx' flag is provided.
app/(private)/oficina/checkList/page.tsx(1041,25): error TS17004: Cannot use JSX unless the '--jsx' flag is provided.
app/(private)/oficina/checkList/page.tsx(1042,25): error TS17004: Cannot use JSX unless the '--jsx' flag is provided.
app/(private)/oficina/checkList/page.tsx(1044,25): error TS17004: Cannot use JSX unless the '--jsx' flag is provided.
app/(private)/oficina/checkList/page.tsx(1045,25): error TS17004: Cannot use JSX unless the '--jsx' flag is provided.
app/(private)/oficina/checkList/page.tsx(1051,21): error TS17004: Cannot use JSX unless the '--jsx' flag is provided.
app/(private)/oficina/checkList/page.tsx(1052,23): error TS17004: Cannot use JSX unless the '--jsx' flag is provided.
app/(private)/oficina/checkList/page.tsx(1058,25): error TS17004: Cannot use JSX unless the '--jsx' flag is provided.
app/(private)/oficina/checkList/page.tsx(1068,13): error TS17004: Cannot use JSX unless the '--jsx' flag is provided.
app/(private)/oficina/checkList/page.tsx(1069,15): error TS17004: Cannot use JSX unless the '--jsx' flag is provided.
app/(private)/oficina/checkList/page.tsx(1081,11): error TS17004: Cannot use JSX unless the '--jsx' flag is provided.
app/(private)/oficina/checkList/page.tsx(1082,13): error TS17004: Cannot use JSX unless the '--jsx' flag is provided.
app/(private)/oficina/checkList/page.tsx(1083,13): error TS17004: Cannot use JSX unless the '--jsx' flag is provided.
app/(private)/oficina/checkList/page.tsx(1084,15): error TS17004: Cannot use JSX unless the '--jsx' flag is provided.
app/(private)/oficina/checkList/page.tsx(1085,17): error TS17004: Cannot use JSX unless the '--jsx' flag is provided.
app/(private)/oficina/checkList/page.tsx(1086,17): error TS17004: Cannot use JSX unless the '--jsx' flag is provided.
app/(private)/oficina/checkList/page.tsx(1091,19): error TS17004: Cannot use JSX unless the '--jsx' flag is provided.
app/(private)/oficina/checkList/page.tsx(1094,15): error TS17004: Cannot use JSX unless the '--jsx' flag is provided.
app/(private)/oficina/checkList/page.tsx(1095,33): error TS17004: Cannot use JSX unless the '--jsx' flag is provided.
app/(private)/oficina/checkList/page.tsx(1096,31): error TS17004: Cannot use JSX unless the '--jsx' flag is provided.
app/(private)/oficina/checkList/page.tsx(1098,19): error TS17004: Cannot use JSX unless the '--jsx' flag is provided.
app/(private)/oficina/checkList/page.tsx(1106,21): error TS17004: Cannot use JSX unless the '--jsx' flag is provided.
app/(private)/oficina/checkList/page.tsx(1107,23): error TS17004: Cannot use JSX unless the '--jsx' flag is provided.
app/(private)/oficina/checkList/page.tsx(1108,25): error TS17004: Cannot use JSX unless the '--jsx' flag is provided.
app/(private)/oficina/checkList/page.tsx(1109,25): error TS17004: Cannot use JSX unless the '--jsx' flag is provided.
app/(private)/oficina/checkList/page.tsx(1116,23): error TS17004: Cannot use JSX unless the '--jsx' flag is provided.
app/(private)/oficina/checkList/page.tsx(1117,25): error TS17004: Cannot use JSX unless the '--jsx' flag is provided.
app/(private)/oficina/checkList/page.tsx(1118,25): error TS17004: Cannot use JSX unless the '--jsx' flag is provided.
app/(private)/oficina/checkList/page.tsx(1125,23): error TS17004: Cannot use JSX unless the '--jsx' flag is provided.
app/(private)/oficina/checkList/page.tsx(1126,25): error TS17004: Cannot use JSX unless the '--jsx' flag is provided.
app/(private)/oficina/checkList/page.tsx(1127,25): error TS17004: Cannot use JSX unless the '--jsx' flag is provided.
app/(private)/oficina/checkList/page.tsx(1134,23): error TS17004: Cannot use JSX unless the '--jsx' flag is provided.
app/(private)/oficina/checkList/page.tsx(1135,25): error TS17004: Cannot use JSX unless the '--jsx' flag is provided.
app/(private)/oficina/checkList/page.tsx(1136,25): error TS17004: Cannot use JSX unless the '--jsx' flag is provided.
app/(private)/oficina/checkList/page.tsx(1143,23): error TS17004: Cannot use JSX unless the '--jsx' flag is provided.
app/(private)/oficina/checkList/page.tsx(1144,25): error TS17004: Cannot use JSX unless the '--jsx' flag is provided.
app/(private)/oficina/checkList/page.tsx(1145,25): error TS17004: Cannot use JSX unless the '--jsx' flag is provided.
app/(private)/oficina/checkList/page.tsx(1152,23): error TS17004: Cannot use JSX unless the '--jsx' flag is provided.
app/(private)/oficina/checkList/page.tsx(1153,25): error TS17004: Cannot use JSX unless the '--jsx' flag is provided.
app/(private)/oficina/checkList/page.tsx(1154,25): error TS17004: Cannot use JSX unless the '--jsx' flag is provided.
app/(private)/oficina/checkList/page.tsx(1161,23): error TS17004: Cannot use JSX unless the '--jsx' flag is provided.
app/(private)/oficina/checkList/page.tsx(1162,25): error TS17004: Cannot use JSX unless the '--jsx' flag is provided.
app/(private)/oficina/checkList/page.tsx(1163,25): error TS17004: Cannot use JSX unless the '--jsx' flag is provided.
app/(private)/oficina/checkList/page.tsx(1170,23): error TS17004: Cannot use JSX unless the '--jsx' flag is provided.
app/(private)/oficina/checkList/page.tsx(1171,25): error TS17004: Cannot use JSX unless the '--jsx' flag is provided.
app/(private)/oficina/checkList/page.tsx(1172,25): error TS17004: Cannot use JSX unless the '--jsx' flag is provided.
app/(private)/oficina/checkList/page.tsx(1179,23): error TS17004: Cannot use JSX unless the '--jsx' flag is provided.
app/(private)/oficina/checkList/page.tsx(1180,25): error TS17004: Cannot use JSX unless the '--jsx' flag is provided.
app/(private)/oficina/checkList/page.tsx(1181,25): error TS17004: Cannot use JSX unless the '--jsx' flag is provided.
app/(private)/oficina/checkList/page.tsx(1188,23): error TS17004: Cannot use JSX unless the '--jsx' flag is provided.
app/(private)/oficina/checkList/page.tsx(1189,25): error TS17004: Cannot use JSX unless the '--jsx' flag is provided.
app/(private)/oficina/checkList/page.tsx(1190,25): error TS17004: Cannot use JSX unless the '--jsx' flag is provided.
app/(private)/oficina/checkList/page.tsx(1197,23): error TS17004: Cannot use JSX unless the '--jsx' flag is provided.
app/(private)/oficina/checkList/page.tsx(1198,25): error TS17004: Cannot use JSX unless the '--jsx' flag is provided.
app/(private)/oficina/checkList/page.tsx(1199,25): error TS17004: Cannot use JSX unless the '--jsx' flag is provided.
app/(private)/oficina/checkList/page.tsx(1206,23): error TS17004: Cannot use JSX unless the '--jsx' flag is provided.
app/(private)/oficina/checkList/page.tsx(1207,25): error TS17004: Cannot use JSX unless the '--jsx' flag is provided.
app/(private)/oficina/checkList/page.tsx(1208,25): error TS17004: Cannot use JSX unless the '--jsx' flag is provided.
app/(private)/oficina/checkList/page.tsx(1217,21): error TS17004: Cannot use JSX unless the '--jsx' flag is provided.
app/(private)/oficina/checkList/page.tsx(1218,23): error TS17004: Cannot use JSX unless the '--jsx' flag is provided.
app/(private)/oficina/checkList/page.tsx(1219,23): error TS17004: Cannot use JSX unless the '--jsx' flag is provided.
app/(private)/oficina/checkList/page.tsx(1221,27): error TS17004: Cannot use JSX unless the '--jsx' flag is provided.
app/(private)/oficina/checkList/page.tsx(1222,29): error TS17004: Cannot use JSX unless the '--jsx' flag is provided.
app/(private)/oficina/checkList/page.tsx(1228,29): error TS17004: Cannot use JSX unless the '--jsx' flag is provided.
app/(private)/oficina/checkList/page.tsx(1234,29): error TS17004: Cannot use JSX unless the '--jsx' flag is provided.
app/(private)/oficina/checkList/page.tsx(1240,21): error TS17004: Cannot use JSX unless the '--jsx' flag is provided.
app/(private)/oficina/checkList/page.tsx(1241,23): error TS17004: Cannot use JSX unless the '--jsx' flag is provided.
app/(private)/oficina/checkList/page.tsx(1242,23): error TS17004: Cannot use JSX unless the '--jsx' flag is provided.
app/(private)/oficina/checkList/page.tsx(1244,27): error TS17004: Cannot use JSX unless the '--jsx' flag is provided.
app/(private)/oficina/checkList/page.tsx(1245,29): error TS17004: Cannot use JSX unless the '--jsx' flag is provided.
app/(private)/oficina/checkList/page.tsx(1252,29): error TS17004: Cannot use JSX unless the '--jsx' flag is provided.
app/(private)/oficina/checkList/page.tsx(1259,29): error TS17004: Cannot use JSX unless the '--jsx' flag is provided.
app/(private)/oficina/checkList/page.tsx(1268,29): error TS17004: Cannot use JSX unless the '--jsx' flag is provided.
app/(private)/oficina/checkList/page.tsx(1273,21): error TS17004: Cannot use JSX unless the '--jsx' flag is provided.
app/(private)/oficina/checkList/page.tsx(1274,23): error TS17004: Cannot use JSX unless the '--jsx' flag is provided.
app/(private)/oficina/checkList/page.tsx(1281,23): error TS17004: Cannot use JSX unless the '--jsx' flag is provided.
app/(private)/oficina/checkList/page.tsx(1301,11): error TS17004: Cannot use JSX unless the '--jsx' flag is provided.
app/(private)/oficina/checkList/page.tsx(1302,13): error TS17004: Cannot use JSX unless the '--jsx' flag is provided.
app/(private)/oficina/checkList/page.tsx(1303,13): error TS17004: Cannot use JSX unless the '--jsx' flag is provided.
app/(private)/oficina/checkList/page.tsx(1304,15): error TS17004: Cannot use JSX unless the '--jsx' flag is provided.
app/(private)/oficina/checkList/page.tsx(1305,17): error TS17004: Cannot use JSX unless the '--jsx' flag is provided.
app/(private)/oficina/checkList/page.tsx(1306,17): error TS17004: Cannot use JSX unless the '--jsx' flag is provided.
app/(private)/oficina/checkList/page.tsx(1311,19): error TS17004: Cannot use JSX unless the '--jsx' flag is provided.
app/(private)/oficina/checkList/page.tsx(1315,15): error TS17004: Cannot use JSX unless the '--jsx' flag is provided.
app/(private)/oficina/checkList/page.tsx(1316,33): error TS17004: Cannot use JSX unless the '--jsx' flag is provided.
app/(private)/oficina/checkList/page.tsx(1317,31): error TS17004: Cannot use JSX unless the '--jsx' flag is provided.
app/(private)/oficina/checkList/page.tsx(1320,19): error TS17004: Cannot use JSX unless the '--jsx' flag is provided.
app/(private)/oficina/checkList/page.tsx(1322,21): error TS17004: Cannot use JSX unless the '--jsx' flag is provided.
app/(private)/oficina/checkList/page.tsx(1323,23): error TS17004: Cannot use JSX unless the '--jsx' flag is provided.
app/(private)/oficina/checkList/page.tsx(1332,23): error TS17004: Cannot use JSX unless the '--jsx' flag is provided.
app/(private)/oficina/checkList/page.tsx(1341,23): error TS17004: Cannot use JSX unless the '--jsx' flag is provided.
app/(private)/oficina/checkList/page.tsx(1353,21): error TS17004: Cannot use JSX unless the '--jsx' flag is provided.
app/(private)/oficina/checkList/page.tsx(1356,25): error TS17004: Cannot use JSX unless the '--jsx' flag is provided.
app/(private)/oficina/checkList/page.tsx(1357,27): error TS17004: Cannot use JSX unless the '--jsx' flag is provided.
app/(private)/oficina/checkList/page.tsx(1358,27): error TS17004: Cannot use JSX unless the '--jsx' flag is provided.
app/(private)/oficina/checkList/page.tsx(1359,27): error TS17004: Cannot use JSX unless the '--jsx' flag is provided.
app/(private)/oficina/checkList/page.tsx(1360,27): error TS17004: Cannot use JSX unless the '--jsx' flag is provided.
app/(private)/oficina/checkList/page.tsx(1361,27): error TS17004: Cannot use JSX unless the '--jsx' flag is provided.
app/(private)/oficina/checkList/page.tsx(1362,27): error TS17004: Cannot use JSX unless the '--jsx' flag is provided.
app/(private)/oficina/checkList/page.tsx(1363,27): error TS17004: Cannot use JSX unless the '--jsx' flag is provided.
app/(private)/oficina/checkList/page.tsx(1364,27): error TS17004: Cannot use JSX unless the '--jsx' flag is provided.
app/(private)/oficina/checkList/page.tsx(1365,27): error TS17004: Cannot use JSX unless the '--jsx' flag is provided.
app/(private)/oficina/checkList/page.tsx(1366,27): error TS17004: Cannot use JSX unless the '--jsx' flag is provided.
app/(private)/oficina/checkList/page.tsx(1367,27): error TS17004: Cannot use JSX unless the '--jsx' flag is provided.
app/(private)/oficina/checkList/page.tsx(1368,27): error TS17004: Cannot use JSX unless the '--jsx' flag is provided.
app/(private)/oficina/checkList/page.tsx(1374,25): error TS17004: Cannot use JSX unless the '--jsx' flag is provided.
app/(private)/oficina/checkList/page.tsx(1375,27): error TS17004: Cannot use JSX unless the '--jsx' flag is provided.
app/(private)/oficina/checkList/page.tsx(1377,29): error TS17004: Cannot use JSX unless the '--jsx' flag is provided.
app/(private)/oficina/checkList/page.tsx(1379,33): error TS17004: Cannot use JSX unless the '--jsx' flag is provided.
app/(private)/oficina/checkList/page.tsx(1380,35): error TS17004: Cannot use JSX unless the '--jsx' flag is provided.
app/(private)/oficina/checkList/page.tsx(1381,35): error TS17004: Cannot use JSX unless the '--jsx' flag is provided.
app/(private)/oficina/checkList/page.tsx(1382,35): error TS17004: Cannot use JSX unless the '--jsx' flag is provided.
app/(private)/oficina/checkList/page.tsx(1387,29): error TS17004: Cannot use JSX unless the '--jsx' flag is provided.
app/(private)/oficina/checkList/page.tsx(1394,25): error TS17004: Cannot use JSX unless the '--jsx' flag is provided.
app/(private)/oficina/checkList/page.tsx(1395,27): error TS17004: Cannot use JSX unless the '--jsx' flag is provided.
app/(private)/oficina/checkList/page.tsx(1397,29): error TS17004: Cannot use JSX unless the '--jsx' flag is provided.
app/(private)/oficina/checkList/page.tsx(1411,35): error TS17004: Cannot use JSX unless the '--jsx' flag is provided.
app/(private)/oficina/checkList/page.tsx(1412,37): error TS17004: Cannot use JSX unless the '--jsx' flag is provided.
app/(private)/oficina/checkList/page.tsx(1413,39): error TS17004: Cannot use JSX unless the '--jsx' flag is provided.
app/(private)/oficina/checkList/page.tsx(1414,39): error TS17004: Cannot use JSX unless the '--jsx' flag is provided.
app/(private)/oficina/checkList/page.tsx(1415,39): error TS17004: Cannot use JSX unless the '--jsx' flag is provided.
app/(private)/oficina/checkList/page.tsx(1417,37): error TS17004: Cannot use JSX unless the '--jsx' flag is provided.
app/(private)/oficina/checkList/page.tsx(1418,39): error TS17004: Cannot use JSX unless the '--jsx' flag is provided.
app/(private)/oficina/checkList/page.tsx(1420,41): error TS17004: Cannot use JSX unless the '--jsx' flag is provided.
app/(private)/oficina/checkList/page.tsx(1426,43): error TS17004: Cannot use JSX unless the '--jsx' flag is provided.
app/(private)/oficina/checkList/page.tsx(1429,41): error TS17004: Cannot use JSX unless the '--jsx' flag is provided.
app/(private)/oficina/checkList/page.tsx(1437,29): error TS17004: Cannot use JSX unless the '--jsx' flag is provided.
app/(private)/oficina/checkList/page.tsx(1446,15): error TS17004: Cannot use JSX unless the '--jsx' flag is provided.
app/(private)/oficina/checkList/page.tsx(1447,17): error TS17004: Cannot use JSX unless the '--jsx' flag is provided.
app/(private)/oficina/checkList/page.tsx(1451,19): error TS17004: Cannot use JSX unless the '--jsx' flag is provided.
app/(private)/oficina/checkList/page.tsx(1459,21): error TS17004: Cannot use JSX unless the '--jsx' flag is provided.
app/(private)/oficina/checkList/page.tsx(1488,5): error TS17004: Cannot use JSX unless the '--jsx' flag is provided.
app/(private)/oficina/checkList/page.tsx(1489,7): error TS17004: Cannot use JSX unless the '--jsx' flag is provided.
app/(private)/oficina/checkList/page.tsx(1490,7): error TS17004: Cannot use JSX unless the '--jsx' flag is provided.
